../X-CUBE-AI/App/aiPbMgr.c:172:13:aiPbBuffer_read_cb3	32	static
../X-CUBE-AI/App/aiPbMgr.c:291:13:aiPbMgrSetMetaInfo.constprop	8	static
../X-CUBE-AI/App/aiPbMgr.c:400:13:init_aibuffer_msg	4	static
../X-CUBE-AI/App/aiPbMgr.c:415:13:nn_shape_w_cb	56	static
../X-CUBE-AI/App/aiPbMgr.c:443:13:nn_outputs_w_cb	0	static
../X-CUBE-AI/App/aiPbMgr.c:432:13:nn_inputs_w_cb	0	static
../X-CUBE-AI/App/aiPbMgr.c:226:13:aiPbBuffer_write_cb3	24	static
../X-CUBE-AI/App/aiPbMgr.c:38:6:aiPbMgrInit	64	static
../X-CUBE-AI/App/aiPbMgr.c:91:6:aiPbMgrSendResp	8	static
../X-CUBE-AI/App/aiPbMgr.c:60:5:aiPbMgrWaitAndProcess	16	static
../X-CUBE-AI/App/aiPbMgr.c:100:6:aiPbMgrSendAck	12	static
../X-CUBE-AI/App/aiPbMgr.c:109:6:aiPbMgrWaitAck	16	static
../X-CUBE-AI/App/aiPbMgr.c:118:6:aiPbMgrSendLog	32	static
../X-CUBE-AI/App/aiPbMgr.c:148:10:aiPbAiBufferSize	0	static
../X-CUBE-AI/App/aiPbMgr.c:256:6:aiPbMgrReceiveAiBuffer3	80	static
../X-CUBE-AI/App/aiPbMgr.c:302:6:aiPbMgrSendAiBuffer4	56	static
../X-CUBE-AI/App/aiPbMgr.c:363:6:aiPbCmdSync	0	static
../X-CUBE-AI/App/aiPbMgr.c:382:6:aiPbCmdSysInfo	16	static
../X-CUBE-AI/App/aiPbMgr.c:454:6:aiPbStrCopy	32	static
../X-CUBE-AI/App/aiPbMgr.c:471:10:aiPbVersionToUint32	0	static
../X-CUBE-AI/App/aiPbMgr.c:480:6:aiPbMgrSendNNInfo	24	static
